../Core/Src/main.c:92:5:main	16	static
../Core/Src/main.c:213:6:SystemClock_Config	88	static
../Core/Src/main.c:260:13:MX_I2C1_Init	8	static
../Core/Src/main.c:294:13:MX_SPI1_Init	8	static
../Core/Src/main.c:332:13:MX_TIM1_Init	16	static
../Core/Src/main.c:372:13:MX_TIM2_Init	80	static
../Core/Src/main.c:444:13:MX_TIM3_Init	32	static
../Core/Src/main.c:489:13:MX_GPIO_Init	48	static
../Core/Src/main.c:539:6:HAL_TIM_PeriodElapsedCallback	16	static
../Core/Src/main.c:551:6:Error_Handler	4	static,ignoring_inline_asm
