../Core/Src/main.c:92:5:main	16	static
../Core/Src/main.c:214:6:SystemClock_Config	88	static
../Core/Src/main.c:261:13:MX_I2C1_Init	8	static
../Core/Src/main.c:295:13:MX_SPI1_Init	8	static
../Core/Src/main.c:333:13:MX_TIM1_Init	16	static
../Core/Src/main.c:373:13:MX_TIM2_Init	80	static
../Core/Src/main.c:445:13:MX_TIM3_Init	32	static
../Core/Src/main.c:490:13:MX_GPIO_Init	48	static
../Core/Src/main.c:540:6:HAL_TIM_PeriodElapsedCallback	16	static
../Core/Src/main.c:552:6:Error_Handler	4	static,ignoring_inline_asm
